--------------------------------------------------------------------------------
Release 14.7 Trace  (nt64)
Copyright (c) 1995-2013 Xilinx, Inc.  All rights reserved.

C:\14.7\ISE_DS\ISE\bin\nt64\unwrapped\trce.exe -intstyle ise -v 3 -s 4 -n 3
-fastpaths -xml wrapper_proc_7seg.twx wrapper_proc_7seg.ncd -o
wrapper_proc_7seg.twr wrapper_proc_7seg.pcf -ucf Basys2_100_250General-2.ucf

Design file:              wrapper_proc_7seg.ncd
Physical constraint file: wrapper_proc_7seg.pcf
Device,package,speed:     xc3s100e,cp132,-4 (PRODUCTION 1.27 2013-10-13)
Report level:             verbose report

Environment Variable      Effect 
--------------------      ------ 
NONE                      No environment variables were set
--------------------------------------------------------------------------------

INFO:Timing:2698 - No timing constraints found, doing default enumeration.
INFO:Timing:3412 - To improve timing, see the Timing Closure User Guide (UG612).
INFO:Timing:2752 - To get complete path coverage, use the unconstrained paths 
   option. All paths that are not constrained will be reported in the 
   unconstrained paths section(s) of the report.
INFO:Timing:3339 - The clock-to-out numbers in this timing report are based on 
   a 50 Ohm transmission line loading model.  For the details of this model, 
   and for more information on accounting for different loading conditions, 
   please see the device datasheet.
INFO:Timing:3390 - This architecture does not support a default System Jitter 
   value, please add SYSTEM_JITTER constraint to the UCF to modify the Clock 
   Uncertainty calculation.
INFO:Timing:3389 - This architecture does not support 'Discrete Jitter' and 
   'Phase Error' calculations, these terms will be zero in the Clock 
   Uncertainty calculation.  Please make appropriate modification to 
   SYSTEM_JITTER to account for the unsupported Discrete Jitter and Phase 
   Error.



Data Sheet report:
-----------------
All values displayed in nanoseconds (ns)

Setup/Hold to clock btn
------------+------------+------------+------------------+--------+
            |Max Setup to|Max Hold to |                  | Clock  |
Source      | clk (edge) | clk (edge) |Internal Clock(s) | Phase  |
------------+------------+------------+------------------+--------+
display     |   13.223(R)|   -2.795(R)|btn_BUFGP         |   0.000|
reg_no<0>   |   13.852(R)|   -3.983(R)|btn_BUFGP         |   0.000|
reg_no<1>   |   11.284(R)|   -3.575(R)|btn_BUFGP         |   0.000|
reg_no<2>   |   10.860(R)|   -2.762(R)|btn_BUFGP         |   0.000|
rst         |    3.764(R)|    0.258(R)|btn_BUFGP         |   0.000|
------------+------------+------------+------------------+--------+

Clock btn to Pad
------------+------------+------------------+--------+
            | clk (edge) |                  | Clock  |
Destination |   to PAD   |Internal Clock(s) | Phase  |
------------+------------+------------------+--------+
seg<0>      |   20.547(R)|btn_BUFGP         |   0.000|
seg<1>      |   21.131(R)|btn_BUFGP         |   0.000|
seg<2>      |   21.110(R)|btn_BUFGP         |   0.000|
seg<3>      |   21.102(R)|btn_BUFGP         |   0.000|
seg<4>      |   21.142(R)|btn_BUFGP         |   0.000|
seg<5>      |   20.480(R)|btn_BUFGP         |   0.000|
seg<6>      |   21.108(R)|btn_BUFGP         |   0.000|
------------+------------+------------------+--------+

Clock to Setup on destination clock btn
---------------+---------+---------+---------+---------+
               | Src:Rise| Src:Fall| Src:Rise| Src:Fall|
Source Clock   |Dest:Rise|Dest:Rise|Dest:Fall|Dest:Fall|
---------------+---------+---------+---------+---------+
btn            |   14.281|         |         |         |
---------------+---------+---------+---------+---------+

Clock to Setup on destination clock clk
---------------+---------+---------+---------+---------+
               | Src:Rise| Src:Fall| Src:Rise| Src:Fall|
Source Clock   |Dest:Rise|Dest:Rise|Dest:Fall|Dest:Fall|
---------------+---------+---------+---------+---------+
clk            |    4.823|         |         |         |
---------------+---------+---------+---------+---------+

Pad to Pad
---------------+---------------+---------+
Source Pad     |Destination Pad|  Delay  |
---------------+---------------+---------+
display        |seg<0>         |   19.490|
display        |seg<1>         |   20.074|
display        |seg<2>         |   20.053|
display        |seg<3>         |   20.045|
display        |seg<4>         |   20.085|
display        |seg<5>         |   19.423|
display        |seg<6>         |   20.051|
reg_no<0>      |seg<0>         |   19.594|
reg_no<0>      |seg<1>         |   20.178|
reg_no<0>      |seg<2>         |   20.157|
reg_no<0>      |seg<3>         |   20.149|
reg_no<0>      |seg<4>         |   20.189|
reg_no<0>      |seg<5>         |   19.527|
reg_no<0>      |seg<6>         |   20.155|
reg_no<1>      |seg<0>         |   17.045|
reg_no<1>      |seg<1>         |   17.629|
reg_no<1>      |seg<2>         |   17.608|
reg_no<1>      |seg<3>         |   17.600|
reg_no<1>      |seg<4>         |   17.640|
reg_no<1>      |seg<5>         |   16.978|
reg_no<1>      |seg<6>         |   17.606|
reg_no<2>      |seg<0>         |   16.708|
reg_no<2>      |seg<1>         |   17.292|
reg_no<2>      |seg<2>         |   17.271|
reg_no<2>      |seg<3>         |   17.263|
reg_no<2>      |seg<4>         |   17.303|
reg_no<2>      |seg<5>         |   16.641|
reg_no<2>      |seg<6>         |   17.269|
---------------+---------------+---------+


Analysis completed Tue May 05 00:54:09 2015 
--------------------------------------------------------------------------------

Trace Settings:
-------------------------
Trace Settings 

Peak Memory Usage: 177 MB



