AR programcounter behavioral //vboxsrv/desktop/processor/ProgramCounter.vhd sub00/vhpl25 1430774781
EN seven_seg_multiplex NULL //vboxsrv/desktop/processor/seven_seg_multiplex.vhd sub00/vhpl20 1430774792
EN rom256 NULL //vboxsrv/desktop/processor/RAM256.vhd sub00/vhpl26 1430774782
EN top_processor NULL C:/Users/NYUAD/Desktop/nyuad_processor/top_processor.vhd sub00/vhpl18 1430649256
EN memory8x8 NULL //vboxsrv/desktop/processor/Memory8x8.vhd sub00/vhpl30 1430774788
EN wrapper_proc_7seg NULL //vboxsrv/desktop/processor/wrapper_proc_7seg.vhd sub00/vhpl22 1430774794
EN proc_structure NULL //vboxsrv/desktop/processor/proc_structure.vhd sub00/vhpl32 1430774790
EN hex_to_7seg NULL //vboxsrv/desktop/processor/hex_to_7seg.vhd sub00/vhpl02 1430774778
AR top_processor behavioral C:/Users/NYUAD/Desktop/nyuad_processor/top_processor.vhd sub00/vhpl19 1430649257
AR asynch_ram behavioral C:/Users/NYUAD/Desktop/nyuad_processor/asynch_ram.vhd sub00/vhpl07 1430649245
AR proc_structure behavioral //vboxsrv/desktop/processor/proc_structure.vhd sub00/vhpl33 1430774791
AR decoder behavioral //vboxsrv/desktop/processor/decoder.vhd sub00/vhpl29 1430774785
EN pc_reg NULL C:/Users/NYUAD/Desktop/nyuad_processor/PC_reg.vhd sub00/vhpl04 1430649242
AR decode_unit behavioral C:/Users/NYUAD/Desktop/nyuad_processor/decode_unit.vhd sub00/vhpl09 1430649247
EN reg_file NULL C:/Users/NYUAD/Desktop/nyuad_processor/reg_file.vhd sub00/vhpl10 1430649248
EN mux2x1_8bit NULL C:/Users/NYUAD/Desktop/nyuad_processor/mux2x1_8bit.vhd sub00/vhpl16 1430649254
EN decode_unit NULL C:/Users/NYUAD/Desktop/nyuad_processor/decode_unit.vhd sub00/vhpl08 1430649246
EN programcounter NULL //vboxsrv/desktop/processor/ProgramCounter.vhd sub00/vhpl24 1430774780
AR seven_seg_multiplex behavioral //vboxsrv/desktop/processor/seven_seg_multiplex.vhd sub00/vhpl21 1430774793
AR memory8x8 behavioral //vboxsrv/desktop/processor/Memory8x8.vhd sub00/vhpl31 1430774789
AR pc_reg behavioral C:/Users/NYUAD/Desktop/nyuad_processor/PC_reg.vhd sub00/vhpl05 1430649243
EN asynch_ram NULL C:/Users/NYUAD/Desktop/nyuad_processor/asynch_ram.vhd sub00/vhpl06 1430649244
AR hex_to_7seg behavioral //vboxsrv/desktop/processor/hex_to_7seg.vhd sub00/vhpl03 1430774779
AR sig_gen behavioral //vboxsrv/desktop/processor/sign_gen.vhd sub00/vhpl01 1430774777
AR alu behavioral //vboxsrv/desktop/processor/alu.vhd sub00/vhpl13 1430774787
AR mux2x1_8bit behavioral C:/Users/NYUAD/Desktop/nyuad_processor/mux2x1_8bit.vhd sub00/vhpl17 1430649255
AR wrapper_proc_7seg behavioral //vboxsrv/desktop/processor/wrapper_proc_7seg.vhd sub00/vhpl23 1430774795
AR rom256 behavioral //vboxsrv/desktop/processor/RAM256.vhd sub00/vhpl27 1430774783
EN decoder NULL //vboxsrv/desktop/processor/decoder.vhd sub00/vhpl28 1430774784
EN comparator NULL C:/Users/NYUAD/Desktop/nyuad_processor/comparator.vhd sub00/vhpl14 1430649252
AR comparator behavioral C:/Users/NYUAD/Desktop/nyuad_processor/comparator.vhd sub00/vhpl15 1430649253
AR reg_file behavioral C:/Users/NYUAD/Desktop/nyuad_processor/reg_file.vhd sub00/vhpl11 1430649249
EN sig_gen NULL //vboxsrv/desktop/processor/sign_gen.vhd sub00/vhpl00 1430774776
EN alu NULL //vboxsrv/desktop/processor/alu.vhd sub00/vhpl12 1430774786
