V3 81
FL //vboxsrv/desktop/martin_processor/alu.vhd 2015/04/13.11:56:25 P.20131013
FL //vboxsrv/desktop/martin_processor/decoder.vhd 2015/05/03.01:58:18 P.20131013
FL //vboxsrv/desktop/martin_processor/hex_to_7seg.vhd 2015/04/10.14:34:34 P.20131013
FL //vboxsrv/desktop/martin_processor/Memory8x8.vhd 2015/04/26.19:39:18 P.20131013
FL //vboxsrv/desktop/martin_processor/proc_structure.vhd 2015/05/03.22:14:40 P.20131013
FL //vboxsrv/desktop/martin_processor/ProgramCounter.vhd 2015/04/26.23:41:00 P.20131013
FL //vboxsrv/desktop/martin_processor/RAM256.vhd 2015/04/27.00:21:48 P.20131013
FL //vboxsrv/desktop/martin_processor/seven_seg_multiplex.vhd 2015/04/10.14:34:34 P.20131013
FL //vboxsrv/desktop/martin_processor/sign_gen.vhd 2015/04/10.14:34:34 P.20131013
FL //vboxsrv/desktop/martin_processor/wrapper_proc_7seg.vhd 2015/05/03.22:06:58 P.20131013
FL //vboxsrv/desktop/processor/alu.vhd 2015/05/05.00:49:35 P.20131013
EN work/alu 1431177667 FL //vboxsrv/desktop/processor/alu.vhd \
      PB ieee/std_logic_1164 1381692176 PB ieee/STD_LOGIC_UNSIGNED 1381692179 \
      PB ieee/NUMERIC_STD 1381692181
AR work/alu/Behavioral 1431177668 \
      FL //vboxsrv/desktop/processor/alu.vhd EN work/alu 1431177667
FL //vboxsrv/desktop/processor/decoder.vhd 2015/05/09.17:17:36 P.20131013
EN work/decoder 1431177665 FL //vboxsrv/desktop/processor/decoder.vhd \
      PB ieee/std_logic_1164 1381692176 PB ieee/STD_LOGIC_UNSIGNED 1381692179 \
      PB ieee/NUMERIC_STD 1381692181
AR work/decoder/Behavioral 1431177666 \
      FL //vboxsrv/desktop/processor/decoder.vhd EN work/decoder 1431177665
FL //vboxsrv/desktop/processor/hex_to_7seg.vhd 2015/05/05.02:01:21 P.20131013
EN work/hex_to_7seg 1431177659 FL //vboxsrv/desktop/processor/hex_to_7seg.vhd \
      PB ieee/std_logic_1164 1381692176
AR work/hex_to_7seg/Behavioral 1431177660 \
      FL //vboxsrv/desktop/processor/hex_to_7seg.vhd EN work/hex_to_7seg 1431177659
FL //vboxsrv/desktop/processor/Memory8x8.vhd 2015/04/26.19:39:18 P.20131013
EN work/Memory8x8 1431177669 FL //vboxsrv/desktop/processor/Memory8x8.vhd \
      PB ieee/std_logic_1164 1381692176 PB ieee/STD_LOGIC_UNSIGNED 1381692179 \
      PB ieee/NUMERIC_STD 1381692181
AR work/Memory8x8/Behavioral 1431177670 \
      FL //vboxsrv/desktop/processor/Memory8x8.vhd EN work/Memory8x8 1431177669
FL //vboxsrv/desktop/processor/proc_structure.vhd 2015/05/04.21:24:20 P.20131013
EN work/proc_structure 1431177671 \
      FL //vboxsrv/desktop/processor/proc_structure.vhd PB ieee/std_logic_1164 1381692176 \
      PB ieee/STD_LOGIC_UNSIGNED 1381692179 PB ieee/NUMERIC_STD 1381692181
AR work/proc_structure/Behavioral 1431177672 \
      FL //vboxsrv/desktop/processor/proc_structure.vhd EN work/proc_structure 1431177671 \
      CP ProgramCounter CP ROM256 CP decoder CP alu CP Memory8x8
FL //vboxsrv/desktop/processor/ProgramCounter.vhd 2015/05/04.00:22:50 P.20131013
EN work/ProgramCounter 1431177661 \
      FL //vboxsrv/desktop/processor/ProgramCounter.vhd PB ieee/std_logic_1164 1381692176 \
      PB ieee/STD_LOGIC_UNSIGNED 1381692179 PB ieee/NUMERIC_STD 1381692181
AR work/ProgramCounter/Behavioral 1431177662 \
      FL //vboxsrv/desktop/processor/ProgramCounter.vhd EN work/ProgramCounter 1431177661
FL //vboxsrv/desktop/processor/RAM256.vhd 2015/05/05.04:08:24 P.20131013
EN work/ROM256 1431177663 FL //vboxsrv/desktop/processor/RAM256.vhd \
      PB ieee/std_logic_1164 1381692176 PB ieee/STD_LOGIC_UNSIGNED 1381692179 \
      PB ieee/NUMERIC_STD 1381692181
AR work/ROM256/Behavioral 1431177664 \
      FL //vboxsrv/desktop/processor/RAM256.vhd EN work/ROM256 1431177663
FL //vboxsrv/desktop/processor/seven_seg_multiplex.vhd 2015/04/10.14:34:34 P.20131013
EN work/seven_seg_multiplex 1431177673 \
      FL //vboxsrv/desktop/processor/seven_seg_multiplex.vhd \
      PB ieee/std_logic_1164 1381692176 PB ieee/NUMERIC_STD 1381692181
AR work/seven_seg_multiplex/Behavioral 1431177674 \
      FL //vboxsrv/desktop/processor/seven_seg_multiplex.vhd \
      EN work/seven_seg_multiplex 1431177673 CP sig_gen CP hex_to_7seg
FL //vboxsrv/desktop/processor/sign_gen.vhd 2015/04/10.14:34:34 P.20131013
EN work/sig_gen 1431177657 FL //vboxsrv/desktop/processor/sign_gen.vhd \
      PB ieee/std_logic_1164 1381692176 PB ieee/std_logic_arith 1381692177 \
      PB ieee/STD_LOGIC_UNSIGNED 1381692179
AR work/sig_gen/Behavioral 1431177658 \
      FL //vboxsrv/desktop/processor/sign_gen.vhd EN work/sig_gen 1431177657
FL //vboxsrv/desktop/processor/wrapper_proc_7seg.vhd 2015/05/05.01:55:13 P.20131013
EN work/wrapper_proc_7seg 1431177675 \
      FL //vboxsrv/desktop/processor/wrapper_proc_7seg.vhd PB ieee/std_logic_1164 1381692176
AR work/wrapper_proc_7seg/Behavioral 1431177676 \
      FL //vboxsrv/desktop/processor/wrapper_proc_7seg.vhd \
      EN work/wrapper_proc_7seg 1431177675 CP proc_structure \
      CP seven_seg_multiplex CP sig_gen
FL C:/Users/NYUAD/Desktop/nyuad_processor/alu.vhd 2015/04/10.14:34:32 P.20131013
FL C:/Users/NYUAD/Desktop/nyuad_processor/asynch_ram.vhd 2015/04/10.14:44:26 P.20131013
EN work/asynch_ram 1430649244 \
      FL C:/Users/NYUAD/Desktop/nyuad_processor/asynch_ram.vhd \
      PB ieee/std_logic_1164 1381692176 PB ieee/NUMERIC_STD 1381692181
AR work/asynch_ram/Behavioral 1430649245 \
      FL C:/Users/NYUAD/Desktop/nyuad_processor/asynch_ram.vhd EN work/asynch_ram 1430649244
FL C:/Users/NYUAD/Desktop/nyuad_processor/comparator.vhd 2015/04/10.15:00:08 P.20131013
EN work/comparator 1430649252 \
      FL C:/Users/NYUAD/Desktop/nyuad_processor/comparator.vhd \
      PB ieee/std_logic_1164 1381692176
AR work/comparator/Behavioral 1430649253 \
      FL C:/Users/NYUAD/Desktop/nyuad_processor/comparator.vhd EN work/comparator 1430649252
FL C:/Users/NYUAD/Desktop/nyuad_processor/decode_unit.vhd 2015/04/10.15:00:42 P.20131013
EN work/decode_unit 1430649246 \
      FL C:/Users/NYUAD/Desktop/nyuad_processor/decode_unit.vhd \
      PB ieee/std_logic_1164 1381692176 PB ieee/NUMERIC_STD 1381692181
AR work/decode_unit/Behavioral 1430649247 \
      FL C:/Users/NYUAD/Desktop/nyuad_processor/decode_unit.vhd \
      EN work/decode_unit 1430649246
FL C:/Users/NYUAD/Desktop/nyuad_processor/hex_to_7seg.vhd 2015/04/10.14:34:34 P.20131013
FL C:/Users/NYUAD/Desktop/nyuad_processor/mux2x1_8bit.vhd 2015/04/10.14:34:34 P.20131013
EN work/mux2x1_8bit 1430649254 \
      FL C:/Users/NYUAD/Desktop/nyuad_processor/mux2x1_8bit.vhd \
      PB ieee/std_logic_1164 1381692176
AR work/mux2x1_8bit/Behavioral 1430649255 \
      FL C:/Users/NYUAD/Desktop/nyuad_processor/mux2x1_8bit.vhd \
      EN work/mux2x1_8bit 1430649254
FL C:/Users/NYUAD/Desktop/nyuad_processor/PC_reg.vhd 2015/04/10.14:34:34 P.20131013
EN work/PC_reg 1430649242 FL C:/Users/NYUAD/Desktop/nyuad_processor/PC_reg.vhd \
      PB ieee/std_logic_1164 1381692176 PB ieee/std_logic_arith 1381692177 \
      PB ieee/STD_LOGIC_UNSIGNED 1381692179
AR work/PC_reg/Behavioral 1430649243 \
      FL C:/Users/NYUAD/Desktop/nyuad_processor/PC_reg.vhd EN work/PC_reg 1430649242
FL C:/Users/NYUAD/Desktop/nyuad_processor/reg_file.vhd 2015/04/10.14:34:34 P.20131013
EN work/reg_file 1430649248 \
      FL C:/Users/NYUAD/Desktop/nyuad_processor/reg_file.vhd \
      PB ieee/std_logic_1164 1381692176 PB ieee/NUMERIC_STD 1381692181
AR work/reg_file/Behavioral 1430649249 \
      FL C:/Users/NYUAD/Desktop/nyuad_processor/reg_file.vhd EN work/reg_file 1430649248
FL C:/Users/NYUAD/Desktop/nyuad_processor/seven_seg_multiplex.vhd 2015/04/10.14:34:34 P.20131013
FL C:/Users/NYUAD/Desktop/nyuad_processor/sign_gen.vhd 2015/04/10.14:34:34 P.20131013
FL C:/Users/NYUAD/Desktop/nyuad_processor/top_processor.vhd 2015/04/10.14:34:34 P.20131013
EN work/top_processor 1430649256 \
      FL C:/Users/NYUAD/Desktop/nyuad_processor/top_processor.vhd \
      PB ieee/std_logic_1164 1381692176
AR work/top_processor/Behavioral 1430649257 \
      FL C:/Users/NYUAD/Desktop/nyuad_processor/top_processor.vhd \
      EN work/top_processor 1430649256 CP PC_reg CP asynch_ram CP decode_unit \
      CP reg_file CP alu CP comparator CP mux2x1_8bit
FL C:/Users/NYUAD/Desktop/nyuad_processor/wrapper_proc_7seg.vhd 2015/04/10.14:34:34 P.20131013
